[Test] Starting download for: https://www.youtube.com/watch?v=BaW_jenozKc
[Test] Temp file: C:\Users\micha\AppData\Local\Temp\test-video-1770911501421.mp4
[Test] Using Python module execution with absolute path...
node.exe : 
(node:1616) [DEP0190] 
DeprecationWarning: 
Passing args to a 
child process with 
shell option true can 
lead to security 
vulnerabilities, as 
the arguments are not 
escaped, only 
concatenated.
At line:1 char:1
+ & "C:\Program Files\
nodejs/node.exe" 
"C:\Program 
Files\nodejs/node_mo 
...
+ ~~~~~~~~~~~~~~~~~~~~
~~~~~~~~~~~~~~~~~~~~~~
~~~~~~~~~~~~~~~~~~~~~~
~~~~~
    + CategoryInfo    
          : 
NotSpecified: ((no    
de:1616) [DE...y 
conca    
tenated.:String) [], 
R    emoteException
    + 
FullyQualifiedErrorI  
  d : 
NativeCommandError
 
(Use `node 
--trace-deprecation 
...` to show where 
the warning was 
created)
[Test:STDERR] ERROR: 
[youtube] 
BaW_jenozKc: Unable 
to download API page: 
[Errno 11001] 
getaddrinfo failed 
(caused by TransportEr
ror('[Errno 11001] 
getaddrinfo failed'))
[Test] Command failed 
with code 1. Stderr: 
ERROR: [youtube] 
BaW_jenozKc: Unable 
to download API page: 
[Errno 11001] 
getaddrinfo failed 
(caused by TransportEr
ror('[Errno 11001] 
getaddrinfo failed'))

[Test] Python module 
execution failed: 
Error: Command failed 
with code 1: ERROR: 
[youtube] 
BaW_jenozKc: Unable 
to download API page: 
[Errno 11001] 
getaddrinfo failed 
(caused by TransportEr
ror('[Errno 11001] 
getaddrinfo failed'))

    at ChildProcess.<a
nonymous> (C:\Users\mi
cha\OneDrive\Documents
\Github\Animationrefer
ence.org\scripts\test-
ytdlp.ts:29:24)
    at 
ChildProcess.emit 
(node:events:508:28)
    at maybeClose (nod
e:internal/child_proce
ss:1101:16)
    at 
Socket.<anonymous> (no
de:internal/child_proc
ess:457:11)
    at Socket.emit 
(node:events:508:28)
    at 
Pipe.<anonymous> 
(node:net:346:12)
[Test] Fatal Error: 
Error: Failed to 
execute yt-dlp: 
Command failed with 
code 1: ERROR: 
[youtube] 
BaW_jenozKc: Unable 
to download API page: 
[Errno 11001] 
getaddrinfo failed 
(caused by TransportEr
ror('[Errno 11001] 
getaddrinfo failed'))

    at testDownload (C
:\Users\micha\OneDrive
\Documents\Github\Anim
ationreference.org\scr
ipts\test-ytdlp.ts:69:
19)
    at process.process
TicksAndRejections (no
de:internal/process/ta
sk_queues:103:5)
