src/app/categories/BrowsePageClient.tsx(83,67): error TS2345: Argument of type '() => "all" | "2d" | "3d"' is not assignable to parameter of type 'TypeOption | (() => TypeOption)'.
  Type '() => "all" | "2d" | "3d"' is not assignable to type '() => TypeOption'.
    Type '"all" | "2d" | "3d"' is not assignable to type 'TypeOption'.
      Type '"2d"' is not assignable to type 'TypeOption'. Did you mean '"2D"'?
src/app/categories/BrowsePageClient.tsx(134,32): error TS2345: Argument of type '"all" | "2d" | "3d"' is not assignable to parameter of type 'SetStateAction<TypeOption>'.
  Type '"2d"' is not assignable to type 'SetStateAction<TypeOption>'. Did you mean '"2D"'?
src/app/home/page.tsx(113,52): error TS2551: Property 'likedCategoryIds' does not exist on type 'UserProfile'. Did you mean 'likedCategoryTitles'?
src/app/home/page.tsx(116,22): error TS2551: Property 'likedCategoryIds' does not exist on type 'UserProfile'. Did you mean 'likedCategoryTitles'?
src/components/admin/BlogForm.tsx(258,53): error TS18048: 'field.value.length' is possibly 'undefined'.
src/components/admin/BlogForm.tsx(284,53): error TS18048: 'field.value.length' is possibly 'undefined'.
src/components/admin/CategoryForm.tsx(319,30): error TS2552: Cannot find name 'FormDescription'. Did you mean 'CardDescription'?
src/components/admin/CategoryForm.tsx(319,107): error TS2552: Cannot find name 'FormDescription'. Did you mean 'CardDescription'?
src/components/admin/CategoryForm.tsx(341,30): error TS2552: Cannot find name 'FormDescription'. Did you mean 'CardDescription'?
src/components/admin/CategoryForm.tsx(341,86): error TS2552: Cannot find name 'FormDescription'. Did you mean 'CardDescription'?
src/components/admin/VideoForm-MF-Desktop-7V82NGA.tsx(91,7): error TS2367: This comparison appears to be unintentional because the types '"url" | "upload" | "import"' and '"social"' have no overlap.
src/components/admin/VideoForm-MF-Desktop-7V82NGA.tsx(662,25): error TS2339: Property 'authorUrl' does not exist on type 'Video'.
src/components/admin/VideoForm-MF-Desktop-7V82NGA.tsx(663,26): error TS2339: Property 'authorName' does not exist on type 'Video'.
src/components/admin/VideoForm-MF-Desktop-7V82NGA.tsx(664,31): error TS2339: Property 'authorAvatarUrl' does not exist on type 'Video'.
src/components/admin/VideoForm-MF-Desktop-7V82NGA.tsx(976,27): error TS2339: Property 'createdAt' does not exist on type 'Video'.
src/components/admin/VideoForm-MF-Desktop-7V82NGA.tsx(977,9): error TS2322: Type 'string | null' is not assignable to type 'string | undefined'.
  Type 'null' is not assignable to type 'string | undefined'.
src/components/admin/VideoForm-MF-Desktop-7V82NGA.tsx(981,29): error TS2339: Property 'uploader_url' does not exist on type '{ title: string; description: string; tags: string[]; categoryIds: string[]; videoSourceType: "url" | "upload" | "import"; thumbnailSourceType: "url" | "capture" | "upload"; videoUrl?: string | undefined; ... 6 more ...; authorAvatarUrl?: string | undefined; }'.
src/components/admin/VideoForm-MF-Desktop-7V82NGA.tsx(1170,84): error TS2554: Expected 1-2 arguments, but got 3.
src/components/admin/VideoForm-MF-Desktop-7V82NGA.tsx(1180,69): error TS2339: Property 'authorName' does not exist on type '{ title: any; description: any; videoUrl: string; thumbnailUrl: any; tags: any; type: string; originalUrl: string; createdAt: Date; updatedAt: Date; uploader: any; duration: any; width: any; height: any; status: string; folderId: null; id: string | null; }'.
src/components/admin/VideoForm-MF-Desktop-7V82NGA.tsx(1181,68): error TS2339: Property 'authorUrl' does not exist on type '{ title: any; description: any; videoUrl: string; thumbnailUrl: any; tags: any; type: string; originalUrl: string; createdAt: Date; updatedAt: Date; uploader: any; duration: any; width: any; height: any; status: string; folderId: null; id: string | null; }'.
src/components/admin/VideoForm-MF-Desktop-7V82NGA.tsx(1182,74): error TS2339: Property 'authorAvatarUrl' does not exist on type '{ title: any; description: any; videoUrl: string; thumbnailUrl: any; tags: any; type: string; originalUrl: string; createdAt: Date; updatedAt: Date; uploader: any; duration: any; width: any; height: any; status: string; folderId: null; id: string | null; }'.
src/components/admin/VideoForm-MF-Desktop-7V82NGA.tsx(1183,42): error TS2345: Argument of type '"uploader_url"' is not assignable to parameter of type '"title" | "videoUrl" | "thumbnailUrl" | "description" | "tags" | "folderId" | "categoryIds" | "videoSourceType" | "videoFile" | `videoFile.${string}` | "thumbnailSourceType" | "thumbnailFile" | ... 5 more ... | "authorAvatarUrl"'.
src/components/admin/VideoForm-MF-Desktop-7V82NGA.tsx(1184,42): error TS2345: Argument of type '"type"' is not assignable to parameter of type '"title" | "videoUrl" | "thumbnailUrl" | "description" | "tags" | "folderId" | "categoryIds" | "videoSourceType" | "videoFile" | `videoFile.${string}` | "thumbnailSourceType" | "thumbnailFile" | ... 5 more ... | "authorAvatarUrl"'.
src/components/admin/VideoForm.tsx(89,7): error TS2367: This comparison appears to be unintentional because the types '"url" | "upload" | "import"' and '"social"' have no overlap.
src/components/admin/VideoForm.tsx(998,9): error TS2353: Object literal may only specify known properties, and 'createdAt' does not exist in type 'Partial<Video>'.
src/components/admin/VideoForm.tsx(998,27): error TS2339: Property 'createdAt' does not exist on type 'Video'.
src/components/DonateDialog.tsx(71,21): error TS2304: Cannot find name 'toast'.
src/components/DonateDialog.tsx(74,17): error TS2304: Cannot find name 'toast'.
src/components/VideoCard-MF-Desktop-7V82NGA-2.tsx(245,18): error TS2339: Property 'authorName' does not exist on type 'Video'.
src/components/VideoCard-MF-Desktop-7V82NGA-2.tsx(245,38): error TS2339: Property 'authorUrl' does not exist on type 'Video'.
src/components/VideoCard-MF-Desktop-7V82NGA-2.tsx(254,29): error TS2339: Property 'authorUrl' does not exist on type 'Video'.
src/components/VideoCard-MF-Desktop-7V82NGA-2.tsx(259,24): error TS2339: Property 'authorAvatarUrl' does not exist on type 'Video'.
src/components/VideoCard-MF-Desktop-7V82NGA-2.tsx(261,35): error TS2339: Property 'authorAvatarUrl' does not exist on type 'Video'.
src/components/VideoCard-MF-Desktop-7V82NGA-2.tsx(261,63): error TS2339: Property 'authorName' does not exist on type 'Video'.
src/components/VideoCard-MF-Desktop-7V82NGA-2.tsx(264,75): error TS2339: Property 'authorName' does not exist on type 'Video'.
src/components/VideoCard-MF-Desktop-7V82NGA-2.tsx(270,28): error TS2339: Property 'authorName' does not exist on type 'Video'.
src/components/VideoCard-MF-Desktop-7V82NGA-2.tsx(374,16): error TS2339: Property 'authorName' does not exist on type 'Video'.
src/components/VideoCard-MF-Desktop-7V82NGA-2.tsx(374,36): error TS2339: Property 'authorUrl' does not exist on type 'Video'.
src/components/VideoCard-MF-Desktop-7V82NGA-2.tsx(385,27): error TS2339: Property 'authorUrl' does not exist on type 'Video'.
src/components/VideoCard-MF-Desktop-7V82NGA-2.tsx(390,22): error TS2339: Property 'authorAvatarUrl' does not exist on type 'Video'.
src/components/VideoCard-MF-Desktop-7V82NGA-2.tsx(392,33): error TS2339: Property 'authorAvatarUrl' does not exist on type 'Video'.
src/components/VideoCard-MF-Desktop-7V82NGA-2.tsx(392,61): error TS2339: Property 'authorName' does not exist on type 'Video'.
src/components/VideoCard-MF-Desktop-7V82NGA-2.tsx(395,73): error TS2339: Property 'authorName' does not exist on type 'Video'.
src/components/VideoCard-MF-Desktop-7V82NGA-2.tsx(401,26): error TS2339: Property 'authorName' does not exist on type 'Video'.
src/components/VideoCard-MF-Desktop-7V82NGA.tsx(263,16): error TS2339: Property 'authorName' does not exist on type 'Video'.
src/components/VideoCard-MF-Desktop-7V82NGA.tsx(263,36): error TS2339: Property 'authorUrl' does not exist on type 'Video'.
src/components/VideoCard-MF-Desktop-7V82NGA.tsx(274,27): error TS2339: Property 'authorUrl' does not exist on type 'Video'.
src/components/VideoCard-MF-Desktop-7V82NGA.tsx(279,22): error TS2339: Property 'authorAvatarUrl' does not exist on type 'Video'.
src/components/VideoCard-MF-Desktop-7V82NGA.tsx(281,33): error TS2339: Property 'authorAvatarUrl' does not exist on type 'Video'.
src/components/VideoCard-MF-Desktop-7V82NGA.tsx(281,61): error TS2339: Property 'authorName' does not exist on type 'Video'.
src/components/VideoCard-MF-Desktop-7V82NGA.tsx(284,73): error TS2339: Property 'authorName' does not exist on type 'Video'.
src/components/VideoCard-MF-Desktop-7V82NGA.tsx(290,26): error TS2339: Property 'authorName' does not exist on type 'Video'.
src/components/VideoDetailClient-MF-Desktop-7V82NGA.tsx(73,30): error TS2339: Property 'authorUrl' does not exist on type 'Video'.
src/components/VideoDetailClient-MF-Desktop-7V82NGA.tsx(73,62): error TS2339: Property 'authorUrl' does not exist on type 'Video'.
src/components/VideoDetailClient-MF-Desktop-7V82NGA.tsx(132,36): error TS2339: Property 'authorUrl' does not exist on type 'Video'.
src/components/VideoDetailClient-MF-Desktop-7V82NGA.tsx(134,49): error TS2339: Property 'authorName' does not exist on type 'Video'.
src/components/VideoDetailClient-MF-Desktop-7V82NGA.tsx(135,48): error TS2339: Property 'authorUrl' does not exist on type 'Video'.
src/components/VideoDetailClient-MF-Desktop-7V82NGA.tsx(136,54): error TS2339: Property 'authorAvatarUrl' does not exist on type 'Video'.
src/components/VideoPlayer-MF-Desktop-7V82NGA.tsx(269,31): error TS7006: Parameter 'e' implicitly has an 'any' type.
src/components/VideoPlayer-MF-Desktop-7V82NGA.tsx(290,22): error TS2339: Property 'authorName' does not exist on type 'Video'.
src/components/VideoPlayer-MF-Desktop-7V82NGA.tsx(290,43): error TS2339: Property 'authorUrl' does not exist on type 'Video'.
src/components/VideoPlayer-MF-Desktop-7V82NGA.tsx(304,20): error TS2339: Property 'authorName' does not exist on type 'Video'.
src/components/VideoPlayer-MF-Desktop-7V82NGA.tsx(304,40): error TS2339: Property 'authorUrl' does not exist on type 'Video'.
src/components/VideoPlayer-MF-Desktop-7V82NGA.tsx(315,37): error TS2339: Property 'authorUrl' does not exist on type 'Video'.
src/components/VideoPlayer-MF-Desktop-7V82NGA.tsx(320,32): error TS2339: Property 'authorAvatarUrl' does not exist on type 'Video'.
src/components/VideoPlayer-MF-Desktop-7V82NGA.tsx(322,45): error TS2339: Property 'authorAvatarUrl' does not exist on type 'Video'.
src/components/VideoPlayer-MF-Desktop-7V82NGA.tsx(322,73): error TS2339: Property 'authorName' does not exist on type 'Video'.
src/components/VideoPlayer-MF-Desktop-7V82NGA.tsx(325,87): error TS2339: Property 'authorName' does not exist on type 'Video'.
src/components/VideoPlayer-MF-Desktop-7V82NGA.tsx(330,166): error TS2339: Property 'authorName' does not exist on type 'Video'.
temp_downloader/app/(pages)/facebook/page.tsx(3,18): error TS2307: Cannot find module '@/components/common/Page' or its corresponding type declarations.
temp_downloader/app/(pages)/instagram/page.tsx(3,18): error TS2307: Cannot find module '@/components/common/Page' or its corresponding type declarations.
temp_downloader/app/(pages)/layout.tsx(1,24): error TS2307: Cannot find module '@/components/layout/navbar' or its corresponding type declarations.
temp_downloader/app/(pages)/page.tsx(1,22): error TS2307: Cannot find module '@/components/pages/home/hero' or its corresponding type declarations.
temp_downloader/app/(pages)/tiktok/page.tsx(3,18): error TS2307: Cannot find module '@/components/common/Page' or its corresponding type declarations.
temp_downloader/app/(pages)/twitter/page.tsx(3,18): error TS2307: Cannot find module '@/components/common/Page' or its corresponding type declarations.
temp_downloader/app/(pages)/youtube/page.tsx(3,18): error TS2307: Cannot find module '@/components/common/Page' or its corresponding type declarations.
temp_downloader/app/layout.tsx(1,31): error TS2307: Cannot find module '@/components/ui/theme-provider' or its corresponding type declarations.
temp_downloader/app/layout.tsx(5,25): error TS2307: Cannot find module 'react-hot-toast' or its corresponding type declarations.
temp_downloader/app/layout.tsx(7,29): error TS2307: Cannot find module '@/components/layout/GoogleAnalytics' or its corresponding type declarations.
temp_downloader/app/not-found.tsx(4,29): error TS2307: Cannot find module '@/components/ui/grid-pattern' or its corresponding type declarations.
temp_downloader/components/common/Page.tsx(4,29): error TS2307: Cannot find module '@/components/ui/grid-pattern' or its corresponding type declarations.
temp_downloader/components/common/Page.tsx(5,27): error TS2307: Cannot find module '@/components/ui/hero-input' or its corresponding type declarations.
temp_downloader/components/common/Page.tsx(6,29): error TS2307: Cannot find module '@/config/downloaders' or its corresponding type declarations.
temp_downloader/components/common/Page.tsx(7,21): error TS2307: Cannot find module '@/lib/api' or its corresponding type declarations.
temp_downloader/components/common/Page.tsx(8,14): error TS2305: Module '"@/lib/utils"' has no exported member 'extractErrorMessage'.
temp_downloader/components/common/Page.tsx(9,44): error TS2307: Cannot find module '@/lib/validations/url' or its corresponding type declarations.
temp_downloader/components/common/Page.tsx(10,26): error TS2307: Cannot find module '@/types' or its corresponding type declarations.
temp_downloader/components/common/Page.tsx(11,27): error TS2307: Cannot find module '@/types/youtube' or its corresponding type declarations.
temp_downloader/components/common/Page.tsx(16,23): error TS2307: Cannot find module 'react-hot-toast' or its corresponding type declarations.
temp_downloader/components/common/Page.tsx(62,8): error TS7006: Parameter 'downloader' implicitly has an 'any' type.
temp_downloader/components/common/Page.tsx(196,39): error TS7006: Parameter 'value' implicitly has an 'any' type.
temp_downloader/components/common/VideoInfo.tsx(11,21): error TS2307: Cannot find module '@/lib/api' or its corresponding type declarations.
temp_downloader/components/common/VideoInfo.tsx(12,10): error TS2305: Module '"@/lib/utils"' has no exported member 'downloadFile'.
temp_downloader/components/common/VideoInfo.tsx(12,24): error TS2305: Module '"@/lib/utils"' has no exported member 'extractErrorMessage'.
temp_downloader/components/common/VideoInfo.tsx(12,45): error TS2305: Module '"@/lib/utils"' has no exported member 'formatDuration'.
temp_downloader/components/common/VideoInfo.tsx(13,27): error TS2307: Cannot find module '@/types/youtube' or its corresponding type declarations.
temp_downloader/components/common/VideoInfo.tsx(26,23): error TS2307: Cannot find module 'react-hot-toast' or its corresponding type declarations.
temp_downloader/components/common/VideoInfo.tsx(67,22): error TS7006: Parameter 'progress' implicitly has an 'any' type.
temp_downloader/components/common/VideoInfo.tsx(74,22): error TS7006: Parameter 'downloadUrl' implicitly has an 'any' type.
temp_downloader/components/common/VideoInfo.tsx(95,19): error TS7006: Parameter 'error' implicitly has an 'any' type.
temp_downloader/components/common/VideoInfo.tsx(108,18): error TS7006: Parameter 'es' implicitly has an 'any' type.
temp_downloader/components/common/VideoInfo.tsx(309,60): error TS7006: Parameter 'extension' implicitly has an 'any' type.
temp_downloader/components/common/VideoInfo.tsx(340,24): error TS7006: Parameter 'quality' implicitly has an 'any' type.
temp_downloader/components/common/VideoInfo.tsx(340,33): error TS7006: Parameter 'index' implicitly has an 'any' type.
temp_downloader/components/layout/navbar.tsx(3,27): error TS2307: Cannot find module '@/config/nav' or its corresponding type declarations.
temp_downloader/components/layout/navbar.tsx(5,25): error TS2307: Cannot find module '@/types/nav' or its corresponding type declarations.
temp_downloader/components/layout/navbar.tsx(43,36): error TS7006: Parameter 'subItem' implicitly has an 'any' type.
temp_downloader/components/layout/navbar.tsx(143,36): error TS7006: Parameter 'subItem' implicitly has an 'any' type.
temp_downloader/components/layout/navbar.tsx(143,45): error TS7006: Parameter 'index' implicitly has an 'any' type.
temp_downloader/components/layout/navbar.tsx(239,37): error TS7006: Parameter 'item' implicitly has an 'any' type.
temp_downloader/components/layout/navbar.tsx(303,43): error TS7006: Parameter 'item' implicitly has an 'any' type.
temp_downloader/components/pages/home/hero.tsx(4,29): error TS2307: Cannot find module '@/components/ui/grid-pattern' or its corresponding type declarations.
temp_downloader/components/pages/home/hero.tsx(5,27): error TS2307: Cannot find module '@/components/ui/hero-input' or its corresponding type declarations.
temp_downloader/components/pages/home/hero.tsx(6,29): error TS2307: Cannot find module '@/config/downloaders' or its corresponding type declarations.
temp_downloader/components/pages/home/hero.tsx(8,44): error TS2307: Cannot find module '@/lib/validations/url' or its corresponding type declarations.
temp_downloader/components/pages/home/hero.tsx(13,23): error TS2307: Cannot find module 'react-hot-toast' or its corresponding type declarations.
temp_downloader/components/pages/home/hero.tsx(41,42): error TS7006: Parameter 'downloader' implicitly has an 'any' type.
temp_downloader/components/pages/home/hero.tsx(164,39): error TS7006: Parameter 'value' implicitly has an 'any' type.
temp_downloader/components/ui/icons.tsx(1,30): error TS2307: Cannot find module '@/types' or its corresponding type declarations.
temp_downloader/components/ui/theme-provider.tsx(4,53): error TS2307: Cannot find module 'next-themes' or its corresponding type declarations.
temp_downloader/components/ui/theme-provider.tsx(6,29): error TS2307: Cannot find module '@/config/downloaders' or its corresponding type declarations.
temp_downloader/components/ui/theme-provider.tsx(14,42): error TS7006: Parameter 'downloader' implicitly has an 'any' type.
temp_downloader/components/ui/theme-provider.tsx(17,26): error TS7006: Parameter 'downloader' implicitly has an 'any' type.
temp_downloader/components/ui/theme-toggle.tsx(4,26): error TS2307: Cannot find module 'next-themes' or its corresponding type declarations.
temp_downloader/config/downloaders.ts(1,88): error TS2307: Cannot find module '@/lib/validations/url' or its corresponding type declarations.
temp_downloader/config/downloaders.ts(2,28): error TS2307: Cannot find module '@/types/nav' or its corresponding type declarations.
temp_downloader/config/nav.ts(1,39): error TS2307: Cannot find module '@/types/nav' or its corresponding type declarations.
temp_downloader/lib/api.ts(1,44): error TS2307: Cannot find module '@/types/api' or its corresponding type declarations.
temp_downloader/lib/api.ts(2,27): error TS2307: Cannot find module '@/types/youtube' or its corresponding type declarations.
temp_downloader/lib/utils.ts(2,19): error TS2307: Cannot find module 'react-hot-toast' or its corresponding type declarations.
temp_downloader/lib/validations/url.ts(1,29): error TS2307: Cannot find module '@/config/downloaders' or its corresponding type declarations.
temp_downloader/lib/validations/url.ts(2,26): error TS2307: Cannot find module '@/types' or its corresponding type declarations.
temp_downloader/lib/validations/url.ts(193,40): error TS7006: Parameter 'downloader' implicitly has an 'any' type.
VideoCard_old.tsx(12,26): error TS2307: Cannot find module './ui/skeleton' or its corresponding type declarations.
VideoCard_old.tsx(20,29): error TS2307: Cannot find module './VideoPlayer' or its corresponding type declarations.
